
ASEM-51 V1.3                                         Copyright (c) 2002 by W.W. Heinz                                         PAGE 1





       MCS-51 Family Macro Assembler   A S E M - 5 1   V 1.3
       =====================================================



	Source File:	C:\Users\nadth\OneDrive\Desktop\micro\Lab6\3\0-F count down.asm
	Object File:	C:\Users\nadth\OneDrive\Desktop\micro\Lab6\3\0-F count down.hex
	List File:	C:\Users\nadth\OneDrive\Desktop\micro\Lab6\3\0-F count down.lst



 Line  I  Addr  Code            Source

    1:		B      0094	LF_SEG 	EQU P1.4
    2:		B      0095	RG_SEG 	EQU P1.5
    3:		D      0080	PT_SEG 	EQU P0
    4:
    5:		N      0000		ORG 0000H
    6:	  0000	21 00			JMP 0100H
    7:
    8:		N      0100		ORG 0100H
    9:	  0100	75 81 2F		MOV SP,#2FH
   10:	  0103	D2 94			SETB LF_SEG
   11:	  0105	C2 95			CLR RG_SEG
   12:	  0107	7F 0F			MOV R7,#15
   13:	  0109			LOOP:
   14:	  0109	EF			MOV A,R7
   15:	  010A	54 0F			ANL A,#0FH
   16:	  010C	90 01 1F		MOV DPTR,#T_SEG
   17:	  010F	93			MOVC A,@A+DPTR
   18:	  0110	F4			CPL A
   19:	  0111	F5 80			MOV PT_SEG,A
   20:	  0113	12 01 2F		CALL DELAY
   21:	  0116	12 01 2F		CALL DELAY
   22:	  0119	1F			DEC R7
   23:	  011A	BF 00 EC		CJNE R7,#0,LOOP
   24:	  011D	80 EA			JMP LOOP
   25:
   26:	  011F			T_SEG:
   27:	  011F	77			DB 77H    ; 0
   28:	  0120	11			DB 11H    ; 1
   29:	  0121	6D			DB 6DH    ; 2
   30:	  0122	5D			DB 5DH    ; 3
   31:	  0123	1B			DB 1BH    ; 4
   32:	  0124	5E			DB 5EH    ; 5
   33:	  0125	7E			DB 7EH    ; 6
   34:	  0126	15			DB 15H    ; 7
   35:	  0127	7F			DB 7FH    ; 8
   36:	  0128	5F			DB 5FH    ; 9
   37:	  0129	3F			DB 3FH    ; A
   38:	  012A	7A			DB 7AH	  ; B
   39:	  012B	66			DB 66H    ; C
   40:	  012C	79			DB 79H    ; D
   41:	  012D	6E			DB 6EH    ; E
   42:	  012E	2E			DB 2EH    ; F
   43:

ASEM-51 V1.3                                         Copyright (c) 2002 by W.W. Heinz                                         PAGE 2



 Line  I  Addr  Code            Source

   44:	  012F			Delay:
   45:	  012F	78 05			MOV R0, #5
   46:	  0131	75 F0 96		MOV B,#150
   47:	  0134	74 96			MOV A,#150
   48:	  0136			_DLY00:
   49:	  0136	D5 E0 FD		DJNZ Acc,_DLY00
   50:	  0139	D5 F0 FA		DJNZ B,_DLY00
   51:	  013C	D8 F8			DJNZ R0,_DLY00
   52:	  013E	22			RET
   53:
   54:					END





                     register banks used:  ---

                     no errors




ASEM-51 V1.3                                         Copyright (c) 2002 by W.W. Heinz                                         PAGE 3





	       L I S T   O F   S Y M B O L S
	       =============================


SYMBOL				  TYPE     VALUE	LINE
------------------------------------------------------------
??ASEM_51			  NUMBER    8051
??VERSION			  NUMBER    0130
AC				  BIT	      D6
ACC				  DATA	      E0
B				  DATA	      F0
CY				  BIT	      D7
DELAY				  CODE	    012F	  44
DPH				  DATA	      83
DPL				  DATA	      82
EA				  BIT	      AF
ES				  BIT	      AC
ET0				  BIT	      A9
ET1				  BIT	      AB
EX0				  BIT	      A8
EX1				  BIT	      AA
EXTI0				  CODE	    0003
EXTI1				  CODE	    0013
F0				  BIT	      D5
IE				  DATA	      A8
IE0				  BIT	      89
IE1				  BIT	      8B
INT0				  BIT	      B2
INT1				  BIT	      B3
IP				  DATA	      B8
IT0				  BIT	      88
IT1				  BIT	      8A
LF_SEG				  NUMBER    0094	   1
LOOP				  CODE	    0109	  13
OV				  BIT	      D2
P				  BIT	      D0
P0				  DATA	      80
P1				  DATA	      90
P2				  DATA	      A0
P3				  DATA	      B0
PCON				  DATA	      87
PS				  BIT	      BC
PSW				  DATA	      D0
PT0				  BIT	      B9
PT1				  BIT	      BB
PT_SEG				  NUMBER    0080	   3
PX0				  BIT	      B8
PX1				  BIT	      BA
RB8				  BIT	      9A
RD				  BIT	      B7
REN				  BIT	      9C
RESET				  CODE	    0000
RG_SEG				  NUMBER    0095	   2
RI				  BIT	      98
RS0				  BIT	      D3
RS1				  BIT	      D4

ASEM-51 V1.3                                         Copyright (c) 2002 by W.W. Heinz                                         PAGE 4



SYMBOL				  TYPE     VALUE	LINE
------------------------------------------------------------
RXD				  BIT	      B0
SBUF				  DATA	      99
SCON				  DATA	      98
SINT				  CODE	    0023
SM0				  BIT	      9F
SM1				  BIT	      9E
SM2				  BIT	      9D
SP				  DATA	      81
T0				  BIT	      B4
T1				  BIT	      B5
TB8				  BIT	      9B
TCON				  DATA	      88
TF0				  BIT	      8D
TF1				  BIT	      8F
TH0				  DATA	      8C
TH1				  DATA	      8D
TI				  BIT	      99
TIMER0				  CODE	    000B
TIMER1				  CODE	    001B
TL0				  DATA	      8A
TL1				  DATA	      8B
TMOD				  DATA	      89
TR0				  BIT	      8C
TR1				  BIT	      8E
TXD				  BIT	      B1
T_SEG				  CODE	    011F	  26
WR				  BIT	      B6
_DLY00				  CODE	    0136	  48
